Microchip MPLAB XC8 Compiler V1.20 ()

Linker command line:

--edf=E:\Programs\Microchip\xc8\v1.20\dat\en_msgs.txt -cs \
  -h+dist/XC8_PIC12F675/debug\UltrasonisSensor.X.debug.sym \
  --cmf=dist/XC8_PIC12F675/debug\UltrasonisSensor.X.debug.cmf -z -Q12F675 \
  -or:\temp\s5pg.6 -Mdist/XC8_PIC12F675/debug/UltrasonisSensor.X.debug.map \
  -E1 -ver=XC8 -ACONST=00h-0FFhx3,0300h-03FEh -ACODE=00h-03FEh \
  -ASTRCODE=00h-03FEh -AENTRY=00h-0FFhx3,0300h-03FEh \
  -ASTRING=00h-0FFhx3,0300h-03FEh -ABANK0=020h-05Dh -ARAM=020h-05Dh \
  -AABS1=020h-05Fh -ACOMMON=05Eh-05Fh -ASFR0=00h-01Fh -ASFR1=080h-0DDh \
  -preset_vec=00h,intentry=04h,init,end_init -ppowerup=CODE -pfunctab=CODE \
  -ACONFIG=02007h-02007h -pconfig=CONFIG -DCONFIG=2 -AIDLOC=02000h-02003h \
  -pidloc=IDLOC -DIDLOC=2 -AEEDATA=00h-07Fh/02100h -peeprom_data=EEDATA \
  -DEEDATA=2 -posccal=03FFh -DCODE=2 -DSTRCODE=2 -DSTRING=2 -DCONST=2 \
  -DENTRY=2 -k r:\temp\s5pg.obj \
  dist/XC8_PIC12F675/debug\UltrasonisSensor.X.debug.obj 

Object code version is 3.11

Machine type is 12F675



                Name                               Link     Load   Length Selector   Space Scale
r:\temp\s5pg.obj
                end_init                              B        B        5        8       0
                reset_vec                             0        0        1        0       0
                config                             2007     2007        1     400E       0
dist/XC8_PIC12F675/debug\UltrasonisSensor.X.debug.obj
                intentry                              4        4        7        8       0
                text7                               1BF      1BF        7        8       0
                text6                               1C6      1C6        1        8       0
                text5                               1A6      1A6        F        8       0
                text4                               14D      14D       3E        8       0
                text3                               18B      18B       1B        8       0
                text2                                87       87       68        8       0
                text1                                EF       EF       5E        8       0
                maintext                             10       10       77        8       0
                cstackBANK0                          20       20       2C       20       1
                bssBANK0                             4C       4C        8       20       1
                cinit                               1B5      1B5        A        8       0

TOTAL           Name                               Link     Load   Length     Space
        CLASS   CONST          

        CLASS   CODE           
                end_init                              B        B        5         0
                intentry                              4        4        7         0
                reset_vec                             0        0        1         0
                text7                               1BF      1BF        7         0
                text6                               1C6      1C6        1         0
                text5                               1A6      1A6        F         0
                text4                               14D      14D       3E         0
                text3                               18B      18B       1B         0
                text2                                87       87       68         0
                text1                                EF       EF       5E         0
                maintext                             10       10       77         0
                cinit                               1B5      1B5        A         0

        CLASS   STRCODE        

        CLASS   ENTRY          

        CLASS   STRING         

        CLASS   BANK0          
                cstackBANK0                          20       20       2C         1
                bssBANK0                             4C       4C        8         1

        CLASS   RAM            

        CLASS   ABS1           
                abs_s1                               5E       5E        2         1

        CLASS   COMMON         

        CLASS   SFR0           

        CLASS   SFR1           

        CLASS   CONFIG         
                config                             2007     2007        1         0

        CLASS   IDLOC          

        CLASS   EEDATA         

        CLASS   BANK1          



SEGMENTS        Name                           Load    Length   Top    Selector   Space  Class     Delta

                reset_vec                      000000  000001  000001         0       0  CODE        2
                intentry                       000004  0001C3  0001C7         8       0  CODE        2
                cstackBANK0                    000020  000034  000054        20       1  BANK0       1
                config                         002007  000001  002008      400E       0  CONFIG      2


UNUSED ADDRESS RANGES

        Name                Unused          Largest block    Delta
        BANK0            0054-005D              A           1
        CODE             0001-0003              3           2
                         01C7-03FE            238
        CONST            0001-0003              3           2
                         01C7-03FE            100
        EEDATA           2100-217F             80           2
        ENTRY            0001-0003              3           2
                         01C7-03FE            100
        IDLOC            2000-2003              4           2
        RAM              0054-005D              A           1
        SFR0             0000-001F             20           1
        SFR1             0080-00DD             5E           1
        STRCODE          0001-0003              3           2
                         01C7-03FE            238
        STRING           0001-0003              3           2
                         01C7-03FE            100

                                  Symbol Table

?___awtoft                    cstackBANK0  002A
?___ftdiv                     cstackBANK0  002E
?___ftpack                    cstackBANK0  0022
?___fttol                     cstackBANK0  003D
PL2                           text1        0146
_ANSEL                        (abs)        009F
_ConfigureOscillator          text6        01C6
_GP1                          (abs)        0029
_GP4                          (abs)        002C
_GP5                          (abs)        002D
_InitApp                      text5        01A6
_T1CONbits                    (abs)        0010
_TMR1H                        (abs)        000F
_TMR1L                        (abs)        000E
_TMR1ON                       (abs)        0080
_TRISIObits                   (abs)        0085
__CFG_BOREN$ON                (abs)        0000
__CFG_CP$OFF                  (abs)        0000
__CFG_CPD$OFF                 (abs)        0000
__CFG_FOSC$INTRCIO            (abs)        0000
__CFG_MCLRE$OFF               (abs)        0000
__CFG_PWRTE$ON                (abs)        0000
__CFG_WDTE$OFF                (abs)        0000
__Habs1                       abs1         07FE
__Hbank0                      bank0        07FE
__Hbank1                      bank1        07FE
__HbssBANK0                   bssBANK0     07FE
__Hcinit                      cinit        07FE
__Hclrtext                    clrtext      07FE
__Hcode                       code         07FE
__Hcommon                     common       07FE
__Hconfig                     config       2008
__HcstackBANK0                cstackBANK0  07FE
__HcstackCOMMON               cstackCOMMON 07FE
__Heeprom_data                eeprom_data  0000
__Hend_init                   end_init     0010
__Hfunctab                    functab      0000
__Hidloc                      idloc        0000
__Hinit                       init         000B
__Hintentry                   intentry     000B
__Hmaintext                   maintext     07FE
__Hosccal                     osccal       03FF
__Hpa_nodes                   pa_nodes     07FE
__Hpowerup                    powerup      0000
__Hram                        ram          07FE
__Hreset_vec                  reset_vec    0001
__Hsfr0                       sfr0         07FE
__Hsfr1                       sfr1         07FE
__Hstrings                    strings      07FE
__Htext                       text         07FE
__Labs1                       abs1         07FE
__Lbank0                      bank0        07FE
__Lbank1                      bank1        07FE
__LbssBANK0                   bssBANK0     07FE
__Lcinit                      cinit        07FE
__Lclrtext                    clrtext      07FE
__Lcode                       code         07FE
__Lcommon                     common       07FE
__Lconfig                     config       2007
__LcstackBANK0                cstackBANK0  07FE
__LcstackCOMMON               cstackCOMMON 07FE
__Leeprom_data                eeprom_data  0000
__Lend_init                   end_init     000B
__Lfunctab                    functab      0000
__Lidloc                      idloc        0000
__Linit                       init         000B
__Lintentry                   intentry     0004
__Lmaintext                   maintext     07FE
__Losccal                     osccal       03FF
__Lpa_nodes                   pa_nodes     07FE
__Lpowerup                    powerup      0000
__Lram                        ram          07FE
__Lreset_vec                  reset_vec    0000
__Lsfr0                       sfr0         07FE
__Lsfr1                       sfr1         07FE
__Lstrings                    strings      07FE
__Ltext                       text         07FE
__S0                          (abs)        2008
__S1                          (abs)        0054
__S3                          (abs)        0000
___awtoft                     text3        018B
___awtoft@c                   cstackBANK0  002A
___awtoft@sign                cstackBANK0  002D
___ftdiv                      text2        0087
___ftdiv@cntr                 cstackBANK0  0037
___ftdiv@exp                  cstackBANK0  003B
___ftdiv@f1                   cstackBANK0  0031
___ftdiv@f2                   cstackBANK0  002E
___ftdiv@f3                   cstackBANK0  0038
___ftdiv@sign                 cstackBANK0  003C
___ftpack                     text4        014D
___ftpack@arg                 cstackBANK0  0022
___ftpack@exp                 cstackBANK0  0025
___ftpack@sign                cstackBANK0  0026
___fttol                      text1        00EF
___fttol@exp1                 cstackBANK0  0049
___fttol@f1                   cstackBANK0  003D
___fttol@lval                 cstackBANK0  0045
___fttol@sign1                cstackBANK0  0044
___latbits                    (abs)        0000
___osccal_val                 osccal       03FF
__end_ofPL2                   text1        014D
__end_of_ConfigureOscillator  text6        01C7
__end_of_InitApp              text5        01B5
__end_of___awtoft             text3        01A6
__end_of___ftdiv              text2        00EF
__end_of___ftpack             text4        018B
__end_of___fttol              text1        0146
__end_of__initialization      cinit        01BD
__end_of_isr                  text7        01C6
__end_of_main                 maintext     0087
__initialization              cinit        01B5
__pbssBANK0                   bssBANK0     004C
__pcstackBANK0                cstackBANK0  0020
__pcstackCOMMON               cstackCOMMON 0000
__pintentry                   intentry     0004
__pmaintext                   maintext     0010
__ptext0                      text0        0000
__ptext1                      text1        00EF
__ptext2                      text2        0087
__ptext3                      text3        018B
__ptext4                      text4        014D
__ptext5                      text5        01A6
__ptext6                      text6        01C6
__ptext7                      text7        01BF
__size_of_ConfigureOscillator (abs)        0000
__size_of_InitApp             (abs)        0000
__size_of___awtoft            (abs)        0000
__size_of___ftdiv             (abs)        0000
__size_of___ftpack            (abs)        0000
__size_of___fttol             (abs)        0000
__size_of_isr                 (abs)        0000
__size_of_main                (abs)        0000
_a                            bssBANK0     004C
_countActionDoor              bssBANK0     004E
_countActionEmpty             bssBANK0     0050
_countActionPresent           bssBANK0     0052
_isr                          text7        01BF
_main                         maintext     0010
btemp                         (abs)        005E
end_of_initialization         cinit        01BD
interrupt_function            intentry     0004
intlevel0                     functab      0000
intlevel1                     functab      0000
intlevel2                     functab      0000
intlevel3                     functab      0000
intlevel4                     functab      0000
intlevel5                     functab      0000
reset_vec                     reset_vec    0000
saved_w                       (abs)        005E
start                         init         000B
start_initialization          cinit        01B5
wtemp0                        (abs)        005E


FUNCTION INFORMATION:

 *************** function _main *****************
 Defined at:
		line 38 in file "main.c"
 Parameters:    Size  Location     Type
		None
 Auto vars:     Size  Location     Type
		None
 Return value:  Size  Location     Type
		None               void
 Registers used:
		wreg, status,2, status,0, btemp+1, pclath, cstack
 Tracked objects:
		On entry : 
		On exit  : 
		Unchanged: 
 Data sizes:     COMMON   BANK0
      Params:         0       0
      Locals:         0       0
      Temps:          0       2
      Totals:         0       2
Total ram usage:        2 bytes
 Hardware stack levels required when called:    3
 This function calls:
		_ConfigureOscillator
		_InitApp
		___awtoft
		___ftdiv
		___fttol
 This function is called by:
		Startup code after reset
 This function uses a non-reentrant model


 *************** function ___fttol *****************
 Defined at:
		line 45 in file "E:\Programs\Microchip\xc8\v1.20\sources\pic\fttol.c"
 Parameters:    Size  Location     Type
  f1              3   29[BANK0 ] float 
 Auto vars:     Size  Location     Type
  lval            4   37[BANK0 ] unsigned long 
  exp1            1   41[BANK0 ] unsigned char 
  sign1           1   36[BANK0 ] unsigned char 
 Return value:  Size  Location     Type
                  4   29[BANK0 ] long 
 Registers used:
		wreg, status,2, status,0
 Tracked objects:
		On entry : 
		On exit  : 
		Unchanged: 
 Data sizes:     COMMON   BANK0
      Params:         0       4
      Locals:         0       6
      Temps:          0       3
      Totals:         0      13
Total ram usage:       13 bytes
 Hardware stack levels used:    1
 Hardware stack levels required when called:    1
 This function calls:
		Nothing
 This function is called by:
		_main
 This function uses a non-reentrant model


 *************** function ___ftdiv *****************
 Defined at:
		line 50 in file "E:\Programs\Microchip\xc8\v1.20\sources\pic\ftdiv.c"
 Parameters:    Size  Location     Type
  f2              3   14[BANK0 ] float 
  f1              3   17[BANK0 ] float 
 Auto vars:     Size  Location     Type
  f3              3   24[BANK0 ] float 
  sign            1   28[BANK0 ] unsigned char 
  exp             1   27[BANK0 ] unsigned char 
  cntr            1   23[BANK0 ] unsigned char 
 Return value:  Size  Location     Type
                  3   14[BANK0 ] float 
 Registers used:
		wreg, status,2, status,0, pclath, cstack
 Tracked objects:
		On entry : 
		On exit  : 
		Unchanged: 
 Data sizes:     COMMON   BANK0
      Params:         0       6
      Locals:         0       6
      Temps:          0       3
      Totals:         0      15
Total ram usage:       15 bytes
 Hardware stack levels used:    1
 Hardware stack levels required when called:    2
 This function calls:
		___ftpack
 This function is called by:
		_main
 This function uses a non-reentrant model


 *************** function ___awtoft *****************
 Defined at:
		line 33 in file "E:\Programs\Microchip\xc8\v1.20\sources\pic\awtoft.c"
 Parameters:    Size  Location     Type
  c               2   10[BANK0 ] int 
 Auto vars:     Size  Location     Type
  sign            1   13[BANK0 ] unsigned char 
 Return value:  Size  Location     Type
                  3   10[BANK0 ] float 
 Registers used:
		wreg, status,2, status,0, pclath, cstack
 Tracked objects:
		On entry : 
		On exit  : 
		Unchanged: 
 Data sizes:     COMMON   BANK0
      Params:         0       3
      Locals:         0       1
      Temps:          0       0
      Totals:         0       4
Total ram usage:        4 bytes
 Hardware stack levels used:    1
 Hardware stack levels required when called:    2
 This function calls:
		___ftpack
 This function is called by:
		_main
 This function uses a non-reentrant model


 *************** function ___ftpack *****************
 Defined at:
		line 63 in file "E:\Programs\Microchip\xc8\v1.20\sources\pic\float.c"
 Parameters:    Size  Location     Type
  arg             3    2[BANK0 ] unsigned um
  exp             1    5[BANK0 ] unsigned char 
  sign            1    6[BANK0 ] unsigned char 
 Auto vars:     Size  Location     Type
		None
 Return value:  Size  Location     Type
                  3    2[BANK0 ] float 
 Registers used:
		wreg, status,2, status,0
 Tracked objects:
		On entry : 
		On exit  : 
		Unchanged: 
 Data sizes:     COMMON   BANK0
      Params:         0       5
      Locals:         0       0
      Temps:          0       3
      Totals:         0       8
Total ram usage:        8 bytes
 Hardware stack levels used:    1
 Hardware stack levels required when called:    1
 This function calls:
		Nothing
 This function is called by:
		___awtoft
		___ftdiv
 This function uses a non-reentrant model


 *************** function _InitApp *****************
 Defined at:
		line 27 in file "user.c"
 Parameters:    Size  Location     Type
		None
 Auto vars:     Size  Location     Type
		None
 Return value:  Size  Location     Type
		None               void
 Registers used:
		wreg, status,2, status,0
 Tracked objects:
		On entry : 
		On exit  : 
		Unchanged: 
 Data sizes:     COMMON   BANK0
      Params:         0       0
      Locals:         0       0
      Temps:          0       0
      Totals:         0       0
Total ram usage:        0 bytes
 Hardware stack levels used:    1
 Hardware stack levels required when called:    1
 This function calls:
		Nothing
 This function is called by:
		_main
 This function uses a non-reentrant model


 *************** function _ConfigureOscillator *****************
 Defined at:
		line 19 in file "system.c"
 Parameters:    Size  Location     Type
		None
 Auto vars:     Size  Location     Type
		None
 Return value:  Size  Location     Type
		None               void
 Registers used:
		None
 Tracked objects:
		On entry : 
		On exit  : 
		Unchanged: 
 Data sizes:     COMMON   BANK0
      Params:         0       0
      Locals:         0       0
      Temps:          0       0
      Totals:         0       0
Total ram usage:        0 bytes
 Hardware stack levels used:    1
 Hardware stack levels required when called:    1
 This function calls:
		Nothing
 This function is called by:
		_main
 This function uses a non-reentrant model


 *************** function _isr *****************
 Defined at:
		line 24 in file "interrupts.c"
 Parameters:    Size  Location     Type
		None
 Auto vars:     Size  Location     Type
		None
 Return value:  Size  Location     Type
		None               void
 Registers used:
		None
 Tracked objects:
		On entry : 
		On exit  : 
		Unchanged: 
 Data sizes:     COMMON   BANK0
      Params:         0       0
      Locals:         0       0
      Temps:          0       2
      Totals:         0       2
Total ram usage:        2 bytes
 Hardware stack levels used:    1
 This function calls:
		Nothing
 This function is called by:
		Interrupt level 1
 This function uses a non-reentrant model



MODULE INFORMATION

Module		Function		Class		Link	Load	Size
E:\Programs\Microchip\xc8\v1.20\sources\pic\awtoft.c
		___awtoft      		CODE           	018B	0000	27

E:\Programs\Microchip\xc8\v1.20\sources\pic\awtoft.c estimated size: 27

E:\Programs\Microchip\xc8\v1.20\sources\pic\float.c
		___ftpack      		CODE           	014D	0000	62

E:\Programs\Microchip\xc8\v1.20\sources\pic\float.c estimated size: 62

shared
		__initializatio		CODE           	01B5	0000	8
		PL2            		CODE           	0146	0000	7

shared estimated size: 15

main.c
		_main          		CODE           	0010	0000	119

main.c estimated size: 119

system.c
		_ConfigureOscil		CODE           	01C6	0000	1

system.c estimated size: 1

interrupts.c
		_isr           		CODE           	01BF	0000	7

interrupts.c estimated size: 7

E:\Programs\Microchip\xc8\v1.20\sources\pic\ftdiv.c
		___ftdiv       		CODE           	0087	0000	104

E:\Programs\Microchip\xc8\v1.20\sources\pic\ftdiv.c estimated size: 104

E:\Programs\Microchip\xc8\v1.20\sources\pic\fttol.c
		___fttol       		CODE           	00EF	0000	87

E:\Programs\Microchip\xc8\v1.20\sources\pic\fttol.c estimated size: 87

user.c
		_InitApp       		CODE           	01A6	0000	15

user.c estimated size: 15

