Microchip MPLAB XC8 Compiler V1.20 ()

Linker command line:

--edf=E:\Programs\Microchip\xc8\v1.20\dat\en_msgs.txt -cs \
  -h+dist/XC8_PIC12F675/production\UltrasonisSensor.X.production.sym \
  --cmf=dist/XC8_PIC12F675/production\UltrasonisSensor.X.production.cmf -z \
  -Q12F675 -or:\temp\s48s.6 \
  -Mdist/XC8_PIC12F675/production/UltrasonisSensor.X.production.map -E1 \
  -ver=XC8 -ACONST=00h-0FFhx3,0300h-03FEh -ACODE=00h-03FEh \
  -ASTRCODE=00h-03FEh -AENTRY=00h-0FFhx3,0300h-03FEh \
  -ASTRING=00h-0FFhx3,0300h-03FEh -ABANK0=020h-05Dh -ARAM=020h-05Dh \
  -AABS1=020h-05Fh -ACOMMON=05Eh-05Fh -ASFR0=00h-01Fh -ASFR1=080h-0DDh \
  -preset_vec=00h,intentry=04h,init,end_init -ppowerup=CODE -pfunctab=CODE \
  -ACONFIG=02007h-02007h -pconfig=CONFIG -DCONFIG=2 -AIDLOC=02000h-02003h \
  -pidloc=IDLOC -DIDLOC=2 -AEEDATA=00h-07Fh/02100h -peeprom_data=EEDATA \
  -DEEDATA=2 -posccal=03FFh -DCODE=2 -DSTRCODE=2 -DSTRING=2 -DCONST=2 \
  -DENTRY=2 -k r:\temp\s48s.obj \
  dist/XC8_PIC12F675/production\UltrasonisSensor.X.production.obj 

Object code version is 3.11

Machine type is 12F675



                Name                               Link     Load   Length Selector   Space Scale
r:\temp\s48s.obj
                end_init                              B        B        5        8       0
                reset_vec                             0        0        1        0       0
                config                             2007     2007        1     400E       0
dist/XC8_PIC12F675/production\UltrasonisSensor.X.production.obj
                intentry                              4        4        7        8       0
                text4                               104      104        7        8       0
                text3                               10B      10B        1        8       0
                text2                                EC       EC        F        8       0
                text1                                A7       A7       45        8       0
                maintext                             10       10       97        8       0
                cstackBANK0                          20       20        D       20       1
                bssBANK0                             2D       2D        7       20       1
                cinit                                FB       FB        9        8       0

TOTAL           Name                               Link     Load   Length     Space
        CLASS   CONST          

        CLASS   CODE           
                end_init                              B        B        5         0
                intentry                              4        4        7         0
                reset_vec                             0        0        1         0
                text4                               104      104        7         0
                text3                               10B      10B        1         0
                text2                                EC       EC        F         0
                text1                                A7       A7       45         0
                maintext                             10       10       97         0
                cinit                                FB       FB        9         0

        CLASS   STRCODE        

        CLASS   ENTRY          

        CLASS   STRING         

        CLASS   BANK0          
                cstackBANK0                          20       20        D         1
                bssBANK0                             2D       2D        7         1

        CLASS   RAM            

        CLASS   ABS1           
                abs_s1                               5E       5E        2         1

        CLASS   COMMON         

        CLASS   SFR0           

        CLASS   SFR1           

        CLASS   CONFIG         
                config                             2007     2007        1         0

        CLASS   IDLOC          

        CLASS   EEDATA         

        CLASS   BANK1          



SEGMENTS        Name                           Load    Length   Top    Selector   Space  Class     Delta

                reset_vec                      000000  000001  000001         0       0  CODE        2
                intentry                       000004  000108  00010C         8       0  CODE        2
                cstackBANK0                    000020  000014  000034        20       1  BANK0       1
                config                         002007  000001  002008      400E       0  CONFIG      2


UNUSED ADDRESS RANGES

        Name                Unused          Largest block    Delta
        BANK0            0034-005D             2A           1
        CODE             0001-0003              3           2
                         010C-03FE            2F3
        CONST            0001-0003              3           2
                         010C-03FE            100
        EEDATA           2100-217F             80           2
        ENTRY            0001-0003              3           2
                         010C-03FE            100
        IDLOC            2000-2003              4           2
        RAM              0034-005D             2A           1
        SFR0             0000-001F             20           1
        SFR1             0080-00DD             5E           1
        STRCODE          0001-0003              3           2
                         010C-03FE            2F3
        STRING           0001-0003              3           2
                         010C-03FE            100

                                  Symbol Table

?___awdiv                     cstackBANK0  0022
_ANSEL                        (abs)        009F
_ConfigureOscillator          text3        010B
_GP2                          (abs)        002A
_GPIO                         (abs)        0005
_InitApp                      text2        00EC
_LATGPIO                      bssBANK0     0033
_T1CONbits                    (abs)        0010
_TMR1H                        (abs)        000F
_TMR1L                        (abs)        000E
_TMR1ON                       (abs)        0080
_TRISIObits                   (abs)        0085
__CFG_BOREN$OFF               (abs)        0000
__CFG_CP$OFF                  (abs)        0000
__CFG_CPD$OFF                 (abs)        0000
__CFG_FOSC$INTRCIO            (abs)        0000
__CFG_MCLRE$OFF               (abs)        0000
__CFG_PWRTE$OFF               (abs)        0000
__CFG_WDTE$OFF                (abs)        0000
__Habs1                       abs1         07FE
__Hbank0                      bank0        07FE
__Hbank1                      bank1        07FE
__HbssBANK0                   bssBANK0     07FE
__Hcinit                      cinit        07FE
__Hclrtext                    clrtext      07FE
__Hcode                       code         07FE
__Hcommon                     common       07FE
__Hconfig                     config       2008
__HcstackBANK0                cstackBANK0  07FE
__HcstackCOMMON               cstackCOMMON 07FE
__Heeprom_data                eeprom_data  0000
__Hend_init                   end_init     0010
__Hfunctab                    functab      0000
__Hidloc                      idloc        0000
__Hinit                       init         000B
__Hintentry                   intentry     000B
__Hmaintext                   maintext     07FE
__Hosccal                     osccal       03FF
__Hpa_nodes                   pa_nodes     07FE
__Hpowerup                    powerup      0000
__Hram                        ram          07FE
__Hreset_vec                  reset_vec    0001
__Hsfr0                       sfr0         07FE
__Hsfr1                       sfr1         07FE
__Hstrings                    strings      07FE
__Htext                       text         07FE
__Labs1                       abs1         07FE
__Lbank0                      bank0        07FE
__Lbank1                      bank1        07FE
__LbssBANK0                   bssBANK0     07FE
__Lcinit                      cinit        07FE
__Lclrtext                    clrtext      07FE
__Lcode                       code         07FE
__Lcommon                     common       07FE
__Lconfig                     config       2007
__LcstackBANK0                cstackBANK0  07FE
__LcstackCOMMON               cstackCOMMON 07FE
__Leeprom_data                eeprom_data  0000
__Lend_init                   end_init     000B
__Lfunctab                    functab      0000
__Lidloc                      idloc        0000
__Linit                       init         000B
__Lintentry                   intentry     0004
__Lmaintext                   maintext     07FE
__Losccal                     osccal       03FF
__Lpa_nodes                   pa_nodes     07FE
__Lpowerup                    powerup      0000
__Lram                        ram          07FE
__Lreset_vec                  reset_vec    0000
__Lsfr0                       sfr0         07FE
__Lsfr1                       sfr1         07FE
__Lstrings                    strings      07FE
__Ltext                       text         07FE
__S0                          (abs)        2008
__S1                          (abs)        0034
__S3                          (abs)        0000
___awdiv                      text1        00A7
___awdiv@counter              cstackBANK0  0026
___awdiv@dividend             cstackBANK0  0024
___awdiv@divisor              cstackBANK0  0022
___awdiv@quotient             cstackBANK0  0028
___awdiv@sign                 cstackBANK0  0027
___latbits                    (abs)        0000
___osccal_val                 osccal       03FF
__end_of_ConfigureOscillator  text3        010C
__end_of_InitApp              text2        00FB
__end_of___awdiv              text1        00EC
__end_of__initialization      cinit        0102
__end_of_isr                  text4        010B
__end_of_main                 maintext     00A7
__initialization              cinit        00FB
__pbssBANK0                   bssBANK0     002D
__pcstackBANK0                cstackBANK0  0020
__pcstackCOMMON               cstackCOMMON 0000
__pintentry                   intentry     0004
__pmaintext                   maintext     0010
__ptext0                      text0        0000
__ptext1                      text1        00A7
__ptext2                      text2        00EC
__ptext3                      text3        010B
__ptext4                      text4        0104
__size_of_ConfigureOscillator (abs)        0000
__size_of_InitApp             (abs)        0000
__size_of___awdiv             (abs)        0000
__size_of_isr                 (abs)        0000
__size_of_main                (abs)        0000
_a                            bssBANK0     002D
_countActionEmpty             bssBANK0     002F
_countActionPresent           bssBANK0     0031
_isr                          text4        0104
_main                         maintext     0010
btemp                         (abs)        005E
end_of_initialization         cinit        0102
interrupt_function            intentry     0004
intlevel0                     functab      0000
intlevel1                     functab      0000
intlevel2                     functab      0000
intlevel3                     functab      0000
intlevel4                     functab      0000
intlevel5                     functab      0000
reset_vec                     reset_vec    0000
saved_w                       (abs)        005E
start                         init         000B
start_initialization          cinit        00FB
wtemp0                        (abs)        005E


FUNCTION INFORMATION:

 *************** function _main *****************
 Defined at:
		line 38 in file "main.c"
 Parameters:    Size  Location     Type
		None
 Auto vars:     Size  Location     Type
		None
 Return value:  Size  Location     Type
		None               void
 Registers used:
		wreg, status,2, status,0, btemp+1, pclath, cstack
 Tracked objects:
		On entry : 
		On exit  : 
		Unchanged: 
 Data sizes:     COMMON   BANK0
      Params:         0       0
      Locals:         0       0
      Temps:          0       3
      Totals:         0       3
Total ram usage:        3 bytes
 Hardware stack levels required when called:    2
 This function calls:
		_ConfigureOscillator
		_InitApp
		___awdiv
 This function is called by:
		Startup code after reset
 This function uses a non-reentrant model


 *************** function ___awdiv *****************
 Defined at:
		line 5 in file "E:\Programs\Microchip\xc8\v1.20\sources\pic\awdiv.c"
 Parameters:    Size  Location     Type
  divisor         2    2[BANK0 ] int 
  dividend        2    4[BANK0 ] int 
 Auto vars:     Size  Location     Type
  quotient        2    8[BANK0 ] int 
  sign            1    7[BANK0 ] unsigned char 
  counter         1    6[BANK0 ] unsigned char 
 Return value:  Size  Location     Type
                  2    2[BANK0 ] int 
 Registers used:
		wreg, status,2, status,0
 Tracked objects:
		On entry : 
		On exit  : 
		Unchanged: 
 Data sizes:     COMMON   BANK0
      Params:         0       4
      Locals:         0       4
      Temps:          0       0
      Totals:         0       8
Total ram usage:        8 bytes
 Hardware stack levels used:    1
 Hardware stack levels required when called:    1
 This function calls:
		Nothing
 This function is called by:
		_main
 This function uses a non-reentrant model


 *************** function _InitApp *****************
 Defined at:
		line 27 in file "user.c"
 Parameters:    Size  Location     Type
		None
 Auto vars:     Size  Location     Type
		None
 Return value:  Size  Location     Type
		None               void
 Registers used:
		wreg, status,2, status,0
 Tracked objects:
		On entry : 
		On exit  : 
		Unchanged: 
 Data sizes:     COMMON   BANK0
      Params:         0       0
      Locals:         0       0
      Temps:          0       0
      Totals:         0       0
Total ram usage:        0 bytes
 Hardware stack levels used:    1
 Hardware stack levels required when called:    1
 This function calls:
		Nothing
 This function is called by:
		_main
 This function uses a non-reentrant model


 *************** function _ConfigureOscillator *****************
 Defined at:
		line 19 in file "system.c"
 Parameters:    Size  Location     Type
		None
 Auto vars:     Size  Location     Type
		None
 Return value:  Size  Location     Type
		None               void
 Registers used:
		None
 Tracked objects:
		On entry : 
		On exit  : 
		Unchanged: 
 Data sizes:     COMMON   BANK0
      Params:         0       0
      Locals:         0       0
      Temps:          0       0
      Totals:         0       0
Total ram usage:        0 bytes
 Hardware stack levels used:    1
 Hardware stack levels required when called:    1
 This function calls:
		Nothing
 This function is called by:
		_main
 This function uses a non-reentrant model


 *************** function _isr *****************
 Defined at:
		line 24 in file "interrupts.c"
 Parameters:    Size  Location     Type
		None
 Auto vars:     Size  Location     Type
		None
 Return value:  Size  Location     Type
		None               void
 Registers used:
		None
 Tracked objects:
		On entry : 
		On exit  : 
		Unchanged: 
 Data sizes:     COMMON   BANK0
      Params:         0       0
      Locals:         0       0
      Temps:          0       2
      Totals:         0       2
Total ram usage:        2 bytes
 Hardware stack levels used:    1
 This function calls:
		Nothing
 This function is called by:
		Interrupt level 1
 This function uses a non-reentrant model



MODULE INFORMATION

Module		Function		Class		Link	Load	Size
E:\Programs\Microchip\xc8\v1.20\sources\pic\awdiv.c
		___awdiv       		CODE           	00A7	0000	69

E:\Programs\Microchip\xc8\v1.20\sources\pic\awdiv.c estimated size: 69

shared
		__initializatio		CODE           	00FB	0000	7

shared estimated size: 7

main.c
		_main          		CODE           	0010	0000	151

main.c estimated size: 151

system.c
		_ConfigureOscil		CODE           	010B	0000	1

system.c estimated size: 1

interrupts.c
		_isr           		CODE           	0104	0000	7

interrupts.c estimated size: 7

user.c
		_InitApp       		CODE           	00EC	0000	15

user.c estimated size: 15

